{"Timestamp":{"TimestampRaw":"6 January21:49:10[1]","TimestampClean":"6 January21:49:10","Timestamp":"2022-01-06T21:49:10Z","Tbd":false,"ParsedOk":true,"ParseErr":null},"Rocket":"Falcon 9 Block 5","FlightNumber":"Starlink Group 4-5","LaunchSite":"Kennedy LC-39A","LaunchServiceProvider":"SpaceX","Notes":"","Payload":[{"Payload":"Starlink × 49","Operator":"SpaceX","Orbit":"Low Earth","Function":"Communications","Decay":"In orbit","Outcome":"Operational","Cubesat":false}]}