{
  "TimestampRaw": "13 January15:25:39[2]",
  "Timestamp": "2022-01-13T15:25:39Z",
  "TBD": false,
  "Rocket": "Falcon 9 Block 5",
  "FlightNumber": "Transporter-3",
  "LaunchSite": "Cape Canaveral SLC-40",
  "LaunchServiceProvider": "SpaceX",
  "Notes": "Dedicated SmallSat Rideshare mission to sun-synchronous orbit, designated Transporter-3.",
  "Payload": [
    {
      "Payload": "ION SCV-004 Elysian Eleonora",
      "Operator": "D-Orbit",
      "Orbit": "Low Earth (SSO)",
      "Function": "CubeSat deployer",
      "Decay": "In orbit",
      "Outcome": "Operational",
      "Cubesat": false
    },
    {
      "Payload": "Alba Cluster 3That time of year",
      "Operator": "Alba Orbital",
      "Orbit": "Low Earth (SSO)",
      "Function": "PocketQube dispenser",
      "Decay": "In orbit",
      "Outcome": "Operational",
      "Cubesat": false
    },
    {
      "Payload": "Alba Cluster 4",
      "Operator": "Alba Orbital",
      "Orbit": "Low Earth (SSO)",
      "Function": "PocketQube dispenser",
      "Decay": "In orbit",
      "Outcome": "Operational",
      "Cubesat": false
    }
  ]
}